

TEST CASE: SIMULATING MULTIPLE CLIPBOARD CHANGES WITH THE SAME CONTENT

[TEST] Starting clipboard monitoring
[TEST] No initial clipboard content found

[TEST] Simulating first clipboard change
[TEST] Setting clipboard content: Test content 1
[TEST] Current clipboard content: Test content 1
[TEST] Last clipboard content: null
[TEST] Change detected: { previous: null, current: 'Test content 1' }
[TEST] Processed item: {
  content: 'Test content 1',
  type: 'text',
  isFavorite: false,
  charCount: 14
}
[TEST] Calling onNewContent callback
[TEST] Adding item: {
  "content": "Test content 1",
  "type": "text",
  "isFavorite": false,
  "charCount": 14
}
[TEST] Current items count: 0
[TEST] Existing item index: -1
[TEST] Creating new item: {
  "content": "Test content 1",
  "type": "text",
  "isFavorite": false,
  "charCount": 14,
  "id": "1741729728686",
  "timestamp": 1741729728686
}
[TEST] Updated items count: 1
[TEST] Current clipboard data items: 1
[TEST] Current clipboard data: [
  {
    "content": "Test content 1",
    "type": "text",
    "isFavorite": false,
    "charCount": 14,
    "id": "1741729728686",
    "timestamp": 1741729728686
  }
]

[TEST] Simulating second clipboard change (different content)
[TEST] Setting clipboard content: Test content 2
[TEST] Current clipboard content: Test content 2
[TEST] Last clipboard content: Test content 1
[TEST] Change detected: { previous: 'Test content 1', current: 'Test content 2' }
[TEST] Processed item: {
  content: 'Test content 2',
  type: 'text',
  isFavorite: false,
  charCount: 14
}
[TEST] Calling onNewContent callback
[TEST] Adding item: {
  "content": "Test content 2",
  "type": "text",
  "isFavorite": false,
  "charCount": 14
}
[TEST] Current items count: 1
[TEST] Existing item index: -1
[TEST] Creating new item: {
  "content": "Test content 2",
  "type": "text",
  "isFavorite": false,
  "charCount": 14,
  "id": "1741729728688",
  "timestamp": 1741729728688
}
[TEST] Updated items count: 2
[TEST] Current clipboard data items: 2
[TEST] Current clipboard data: [
  {
    "content": "Test content 2",
    "type": "text",
    "isFavorite": false,
    "charCount": 14,
    "id": "1741729728688",
    "timestamp": 1741729728688
  },
  {
    "content": "Test content 1",
    "type": "text",
    "isFavorite": false,
    "charCount": 14,
    "id": "1741729728686",
    "timestamp": 1741729728686
  }
]

[TEST] Simulating third clipboard change (same as first content)
[TEST] Setting clipboard content: Test content 1
[TEST] Current clipboard content: Test content 1
[TEST] Last clipboard content: Test content 2
[TEST] Change detected: { previous: 'Test content 2', current: 'Test content 1' }
[TEST] Processed item: {
  content: 'Test content 1',
  type: 'text',
  isFavorite: false,
  charCount: 14
}
[TEST] Calling onNewContent callback
[TEST] Adding item: {
  "content": "Test content 1",
  "type": "text",
  "isFavorite": false,
  "charCount": 14
}
[TEST] Current items count: 2
[TEST] Existing item index: 1
[TEST] Found existing item: {
  "content": "Test content 1",
  "type": "text",
  "isFavorite": false,
  "charCount": 14,
  "id": "1741729728686",
  "timestamp": 1741729728686
}
[TEST] Updated existing item: {
  "content": "Test content 1",
  "type": "text",
  "isFavorite": false,
  "charCount": 14,
  "id": "1741729728686",
  "timestamp": 1741729728689
}
[TEST] Updated items count: 2
[TEST] Current clipboard data items: 2
[TEST] Current clipboard data: [
  {
    "content": "Test content 1",
    "type": "text",
    "isFavorite": false,
    "charCount": 14,
    "id": "1741729728686",
    "timestamp": 1741729728689
  },
  {
    "content": "Test content 2",
    "type": "text",
    "isFavorite": false,
    "charCount": 14,
    "id": "1741729728688",
    "timestamp": 1741729728688
  }
]

[TEST] Simulating fourth clipboard change (same as second content)
[TEST] Setting clipboard content: Test content 2
[TEST] Current clipboard content: Test content 2
[TEST] Last clipboard content: Test content 1
[TEST] Change detected: { previous: 'Test content 1', current: 'Test content 2' }
[TEST] Processed item: {
  content: 'Test content 2',
  type: 'text',
  isFavorite: false,
  charCount: 14
}
[TEST] Calling onNewContent callback
[TEST] Adding item: {
  "content": "Test content 2",
  "type": "text",
  "isFavorite": false,
  "charCount": 14
}
[TEST] Current items count: 2
[TEST] Existing item index: 1
[TEST] Found existing item: {
  "content": "Test content 2",
  "type": "text",
  "isFavorite": false,
  "charCount": 14,
  "id": "1741729728688",
  "timestamp": 1741729728688
}
[TEST] Updated existing item: {
  "content": "Test content 2",
  "type": "text",
  "isFavorite": false,
  "charCount": 14,
  "id": "1741729728688",
  "timestamp": 1741729728691
}
[TEST] Updated items count: 2
[TEST] Current clipboard data items: 2
[TEST] Current clipboard data: [
  {
    "content": "Test content 2",
    "type": "text",
    "isFavorite": false,
    "charCount": 14,
    "id": "1741729728688",
    "timestamp": 1741729728691
  },
  {
    "content": "Test content 1",
    "type": "text",
    "isFavorite": false,
    "charCount": 14,
    "id": "1741729728686",
    "timestamp": 1741729728689
  }
]

[TEST] Simulating fifth clipboard change (same as second content again)
[TEST] Current clipboard content: Test content 2
[TEST] Last clipboard content: Test content 2
[TEST] No change detected or empty content
[TEST] Stopping clipboard monitoring

[TEST] Final clipboard data:
[TEST] Items count: 2
[TEST] Items: [
  {
    "content": "Test content 2",
    "type": "text",
    "isFavorite": false,
    "charCount": 14,
    "id": "1741729728688",
    "timestamp": 1741729728691
  },
  {
    "content": "Test content 1",
    "type": "text",
    "isFavorite": false,
    "charCount": 14,
    "id": "1741729728686",
    "timestamp": 1741729728689
  }
]

[TEST] Unique contents count: 2
[TEST] Unique contents: [ 'Test content 2', 'Test content 1' ]

[TEST] Most recent item: Test content 2

[TEST] Item timestamps:
[TEST] Test content 2: 1741729728691
[TEST] Test content 1: 1741729728689
